// Jest Snapshot v1, https://goo.gl/fbAQLP

exports[`ErrorPage ... ... matches snapshot 1`] = `ShallowWrapper {}`;
